******************************************************************************
                  TI ARM Linker PC v18.12.2                    
******************************************************************************
>> Linked Mon Oct 28 11:49:31 2019

OUTPUT FILE NAME:   <IR_Sensor_Testing_V2.out>
ENTRY POINT SYMBOL: "_c_int00_noargs"  address: 00000aa5


MEMORY CONFIGURATION

         name            origin    length      used     unused   attr    fill
----------------------  --------  ---------  --------  --------  ----  --------
  MAIN                  00000000   00040000  00000b24  0003f4dc  R  X
  INFO                  00200000   00004000  00000000  00004000  R  X
  SRAM_CODE             01000000   00010000  0000021c  0000fde4  RW X
  SRAM_DATA             20000000   00010000  0000021c  0000fde4  RW  


SEGMENT ALLOCATION MAP

run origin  load origin   length   init length attrs members
----------  ----------- ---------- ----------- ----- -------
00000000    00000000    00000b28   00000b28    r-x
  00000000    00000000    000000e4   000000e4    r-- .intvecs
  000000e4    000000e4    00000a18   00000a18    r-x .text
  00000b00    00000b00    00000028   00000028    r-- .cinit
20000000    20000000    0000001c   00000000    rw-
  20000000    20000000    0000001c   00000000    rw- .data
2000fe00    2000fe00    00000200   00000000    rw-
  2000fe00    2000fe00    00000200   00000000    rw- .stack


SECTION ALLOCATION MAP

 output                                  attributes/
section   page    origin      length       input sections
--------  ----  ----------  ----------   ----------------
.intvecs   0    00000000    000000e4     
                  00000000    000000e4     startup_msp432p401r_ccs.obj (.intvecs:retain)

.text      0    000000e4    00000a18     
                  000000e4    00000334     system_msp432p401r.obj (.text)
                  00000418    000002e0     main.obj (.text)
                  000006f8    00000264     MSOE_LIB.lib : msoe_lib_clk.obj (.text)
                  0000095c    0000009c     rtsv7M4_T_le_v4SPD16_eabi.lib : memcpy_t2.asm.obj (.text)
                  000009f8    00000068                                   : copy_decompress_lzss.c.obj (.text:decompress:lzss:__TI_decompress_lzss)
                  00000a60    00000044                                   : autoinit.c.obj (.text:__TI_auto_init_nobinit_nopinit:__TI_auto_init_nobinit_nopinit)
                  00000aa4    00000034                                   : boot_cortex_m.c.obj (.text:_c_int00_noargs:_c_int00_noargs)
                  00000ad8    0000000e                                   : copy_decompress_none.c.obj (.text:decompress:none:__TI_decompress_none)
                  00000ae6    0000000e     startup_msp432p401r_ccs.obj (.text)
                  00000af4    00000004     rtsv7M4_T_le_v4SPD16_eabi.lib : pre_init.c.obj (.text:_system_pre_init)
                  00000af8    00000004                                   : exit.c.obj (.text:abort:abort)

.cinit     0    00000b00    00000028     
                  00000b00    00000016     (.cinit..data.load) [load image, compression = lzss]
                  00000b16    00000002     --HOLE-- [fill = 0]
                  00000b18    00000008     (__TI_handler_table)
                  00000b20    00000008     (__TI_cinit_table)

.init_array 
*          0    00000000    00000000     UNINITIALIZED

.binit     0    00000000    00000000     

.data      0    20000000    0000001c     UNINITIALIZED
                  20000000    00000018     main.obj (.data)
                  20000018    00000004     system_msp432p401r.obj (.data)

.stack     0    2000fe00    00000200     UNINITIALIZED
                  2000fe00    00000004     rtsv7M4_T_le_v4SPD16_eabi.lib : boot_cortex_m.c.obj (.stack)
                  2000fe04    000001fc     --HOLE--

MODULE SUMMARY

       Module                        code   ro data   rw data
       ------                        ----   -------   -------
    .\
       system_msp432p401r.obj        820    0         8      
       main.obj                      736    0         48     
       startup_msp432p401r_ccs.obj   14     228       0      
    +--+-----------------------------+------+---------+---------+
       Total:                        1570   228       56     
                                                             
    C:/Users/blockjm/Documents/Workspace/Senior-Design-Repository/MSOE_LIB/Debug/MSOE_LIB.lib
       msoe_lib_clk.obj              612    0         0      
    +--+-----------------------------+------+---------+---------+
       Total:                        612    0         0      
                                                             
    C:\ti\ccs910\ccs\tools\compiler\ti-cgt-arm_18.12.2.LTS\lib\rtsv7M4_T_le_v4SPD16_eabi.lib
       memcpy_t2.asm.obj             156    0         0      
       copy_decompress_lzss.c.obj    104    0         0      
       autoinit.c.obj                68     0         0      
       boot_cortex_m.c.obj           52     0         0      
       copy_decompress_none.c.obj    14     0         0      
       exit.c.obj                    4      0         0      
       pre_init.c.obj                4      0         0      
    +--+-----------------------------+------+---------+---------+
       Total:                        402    0         0      
                                                             
       Stack:                        0      0         1024   
       Linker Generated:             0      38        0      
    +--+-----------------------------+------+---------+---------+
       Grand Total:                  2584   266       1080   


LINKER GENERATED COPY TABLES

__TI_cinit_table @ 00000b20 records: 1, size/record: 8, table size: 8
	.data: load addr=00000b00, load size=00000016 bytes, run addr=20000000, run size=0000001c bytes, compression=lzss


LINKER GENERATED HANDLER TABLE

__TI_handler_table @ 00000b18 records: 2, size/record: 4, table size: 8
	index: 0, handler: __TI_decompress_lzss
	index: 1, handler: __TI_decompress_none


GLOBAL SYMBOLS: SORTED ALPHABETICALLY BY Name 

address   name                          
-------   ----                          
0000055d  ADC14_IRQHandler              
0000055d  ADC14_IRQHandler              
00000af3  AES256_IRQHandler             
00000af3  BusFault_Handler              
00000af9  C$$EXIT                       
00000af3  COMP_E0_IRQHandler            
00000af3  COMP_E1_IRQHandler            
00000af3  CS_IRQHandler                 
00000821  Clock_48MHz_Divide            
000006f9  Clock_Init_48MHz              
00000af3  DMA_ERR_IRQHandler            
00000af3  DMA_INT0_IRQHandler           
00000af3  DMA_INT1_IRQHandler           
00000af3  DMA_INT2_IRQHandler           
00000af3  DMA_INT3_IRQHandler           
00000af3  DebugMon_Handler              
00000af3  Default_Handler               
2000000c  Diameter                      
00000af3  EUSCIA0_IRQHandler            
00000af3  EUSCIA1_IRQHandler            
00000af3  EUSCIA2_IRQHandler            
00000af3  EUSCIA3_IRQHandler            
00000af3  EUSCIB0_IRQHandler            
00000af3  EUSCIB1_IRQHandler            
00000af3  EUSCIB2_IRQHandler            
00000af3  EUSCIB3_IRQHandler            
00000af3  FLCTL_IRQHandler              
00000af3  FPU_IRQHandler                
00000af3  HardFault_Handler             
00000af3  MemManage_Handler             
00000af3  NMI_Handler                   
00000591  NVIC_setup                    
00000af3  PCM_IRQHandler                
00000af3  PORT1_IRQHandler              
00000af3  PORT2_IRQHandler              
00000af3  PORT3_IRQHandler              
00000af3  PORT4_IRQHandler              
00000af3  PORT5_IRQHandler              
00000af3  PORT6_IRQHandler              
00000af3  PSS_IRQHandler                
00000af3  PendSV_Handler                
20000008  RPM                           
00000af3  RTC_C_IRQHandler              
00000ae7  Reset_Handler                 
20000000  Revolutions                   
00000af3  SVC_Handler                   
20000004  Speed                         
00000af3  SysTick_Handler               
20000018  SystemCoreClock               
000000e5  SystemCoreClockUpdate         
0000035d  SystemInit                    
00000af3  T32_INT1_IRQHandler           
00000af3  T32_INT2_IRQHandler           
00000af3  T32_INTC_IRQHandler           
00000af3  TA0_0_IRQHandler              
00000af3  TA0_N_IRQHandler              
00000af3  TA1_0_IRQHandler              
000005e1  TA1_N_IRQHandler              
000005e1  TA1_N_IRQHandler              
00000af3  TA2_0_IRQHandler              
00000af3  TA2_N_IRQHandler              
00000af3  TA3_0_IRQHandler              
00000af3  TA3_N_IRQHandler              
00000af3  UsageFault_Handler            
4000480c  WDTCTL_SYM                    
00000af3  WDT_A_IRQHandler              
20010000  __STACK_END                   
00000200  __STACK_SIZE                  
00000b20  __TI_CINIT_Base               
00000b28  __TI_CINIT_Limit              
00000b18  __TI_Handler_Table_Base       
00000b20  __TI_Handler_Table_Limit      
00000a61  __TI_auto_init_nobinit_nopinit
000009f9  __TI_decompress_lzss          
00000ad9  __TI_decompress_none          
ffffffff  __TI_pprof_out_hndl           
ffffffff  __TI_prof_data_size           
ffffffff  __TI_prof_data_start          
00000000  __TI_static_base__            
0000095d  __aeabi_memcpy                
0000095d  __aeabi_memcpy4               
0000095d  __aeabi_memcpy8               
ffffffff  __binit__                     
ffffffff  __c_args__                    
UNDEFED   __mpu_init                    
2000fe00  __stack                       
00000aa5  _c_int00_noargs               
UNDEFED   _system_post_cinit            
00000af5  _system_pre_init              
00000af9  abort                         
00000445  adc_setup                     
ffffffff  binit                         
20000014  clear                         
000005a7  initTimer                     
00000000  interruptVectors              
00000419  main                          
0000095d  memcpy                        
20000010  pi                            
0000046d  pin_setup                     


GLOBAL SYMBOLS: SORTED BY Symbol Address 

address   name                          
-------   ----                          
00000000  __TI_static_base__            
00000000  interruptVectors              
000000e5  SystemCoreClockUpdate         
00000200  __STACK_SIZE                  
0000035d  SystemInit                    
00000419  main                          
00000445  adc_setup                     
0000046d  pin_setup                     
0000055d  ADC14_IRQHandler              
0000055d  ADC14_IRQHandler              
00000591  NVIC_setup                    
000005a7  initTimer                     
000005e1  TA1_N_IRQHandler              
000005e1  TA1_N_IRQHandler              
000006f9  Clock_Init_48MHz              
00000821  Clock_48MHz_Divide            
0000095d  __aeabi_memcpy                
0000095d  __aeabi_memcpy4               
0000095d  __aeabi_memcpy8               
0000095d  memcpy                        
000009f9  __TI_decompress_lzss          
00000a61  __TI_auto_init_nobinit_nopinit
00000aa5  _c_int00_noargs               
00000ad9  __TI_decompress_none          
00000ae7  Reset_Handler                 
00000af3  AES256_IRQHandler             
00000af3  BusFault_Handler              
00000af3  COMP_E0_IRQHandler            
00000af3  COMP_E1_IRQHandler            
00000af3  CS_IRQHandler                 
00000af3  DMA_ERR_IRQHandler            
00000af3  DMA_INT0_IRQHandler           
00000af3  DMA_INT1_IRQHandler           
00000af3  DMA_INT2_IRQHandler           
00000af3  DMA_INT3_IRQHandler           
00000af3  DebugMon_Handler              
00000af3  Default_Handler               
00000af3  EUSCIA0_IRQHandler            
00000af3  EUSCIA1_IRQHandler            
00000af3  EUSCIA2_IRQHandler            
00000af3  EUSCIA3_IRQHandler            
00000af3  EUSCIB0_IRQHandler            
00000af3  EUSCIB1_IRQHandler            
00000af3  EUSCIB2_IRQHandler            
00000af3  EUSCIB3_IRQHandler            
00000af3  FLCTL_IRQHandler              
00000af3  FPU_IRQHandler                
00000af3  HardFault_Handler             
00000af3  MemManage_Handler             
00000af3  NMI_Handler                   
00000af3  PCM_IRQHandler                
00000af3  PORT1_IRQHandler              
00000af3  PORT2_IRQHandler              
00000af3  PORT3_IRQHandler              
00000af3  PORT4_IRQHandler              
00000af3  PORT5_IRQHandler              
00000af3  PORT6_IRQHandler              
00000af3  PSS_IRQHandler                
00000af3  PendSV_Handler                
00000af3  RTC_C_IRQHandler              
00000af3  SVC_Handler                   
00000af3  SysTick_Handler               
00000af3  T32_INT1_IRQHandler           
00000af3  T32_INT2_IRQHandler           
00000af3  T32_INTC_IRQHandler           
00000af3  TA0_0_IRQHandler              
00000af3  TA0_N_IRQHandler              
00000af3  TA1_0_IRQHandler              
00000af3  TA2_0_IRQHandler              
00000af3  TA2_N_IRQHandler              
00000af3  TA3_0_IRQHandler              
00000af3  TA3_N_IRQHandler              
00000af3  UsageFault_Handler            
00000af3  WDT_A_IRQHandler              
00000af5  _system_pre_init              
00000af9  C$$EXIT                       
00000af9  abort                         
00000b18  __TI_Handler_Table_Base       
00000b20  __TI_CINIT_Base               
00000b20  __TI_Handler_Table_Limit      
00000b28  __TI_CINIT_Limit              
20000000  Revolutions                   
20000004  Speed                         
20000008  RPM                           
2000000c  Diameter                      
20000010  pi                            
20000014  clear                         
20000018  SystemCoreClock               
2000fe00  __stack                       
20010000  __STACK_END                   
4000480c  WDTCTL_SYM                    
ffffffff  __TI_pprof_out_hndl           
ffffffff  __TI_prof_data_size           
ffffffff  __TI_prof_data_start          
ffffffff  __binit__                     
ffffffff  __c_args__                    
ffffffff  binit                         
UNDEFED   __mpu_init                    
UNDEFED   _system_post_cinit            

[99 symbols]
