******************************************************************************
                  TI ARM Linker PC v18.12.3                    
******************************************************************************
>> Linked Mon Oct 21 13:46:23 2019

OUTPUT FILE NAME:   <IR_Sensor_Testing_V2.out>
ENTRY POINT SYMBOL: "_c_int00_noargs"  address: 000009ed


MEMORY CONFIGURATION

         name            origin    length      used     unused   attr    fill
----------------------  --------  ---------  --------  --------  ----  --------
  MAIN                  00000000   00040000  00000a5c  0003f5a4  R  X
  INFO                  00200000   00004000  00000000  00004000  R  X
  SRAM_CODE             01000000   00010000  00000204  0000fdfc  RW X
  SRAM_DATA             20000000   00010000  00000204  0000fdfc  RW  


SEGMENT ALLOCATION MAP

run origin  load origin   length   init length attrs members
----------  ----------- ---------- ----------- ----- -------
00000000    00000000    00000a60   00000a60    r-x
  00000000    00000000    000000e4   000000e4    r-- .intvecs
  000000e4    000000e4    00000960   00000960    r-x .text
  00000a48    00000a48    00000018   00000018    r-- .cinit
20000000    20000000    00000004   00000000    rw-
  20000000    20000000    00000004   00000000    rw- .data
2000fe00    2000fe00    00000200   00000000    rw-
  2000fe00    2000fe00    00000200   00000000    rw- .stack


SECTION ALLOCATION MAP

 output                                  attributes/
section   page    origin      length       input sections
--------  ----  ----------  ----------   ----------------
.intvecs   0    00000000    000000e4     
                  00000000    000000e4     startup_msp432p401r_ccs.obj (.intvecs:retain)

.text      0    000000e4    00000960     
                  000000e4    00000334     system_msp432p401r.obj (.text)
                  00000418    00000264     MSOE_LIB.lib : msoe_lib_clk.obj (.text)
                  0000067c    00000228     main.obj (.text)
                  000008a4    0000009c     rtsv7M4_T_le_v4SPD16_eabi.lib : memcpy_t2.asm.obj (.text)
                  00000940    00000068                                   : copy_decompress_lzss.c.obj (.text:decompress:lzss:__TI_decompress_lzss)
                  000009a8    00000044                                   : autoinit.c.obj (.text:__TI_auto_init_nobinit_nopinit:__TI_auto_init_nobinit_nopinit)
                  000009ec    00000034                                   : boot_cortex_m.c.obj (.text:_c_int00_noargs:_c_int00_noargs)
                  00000a20    0000000e                                   : copy_decompress_none.c.obj (.text:decompress:none:__TI_decompress_none)
                  00000a2e    0000000e     startup_msp432p401r_ccs.obj (.text)
                  00000a3c    00000004     rtsv7M4_T_le_v4SPD16_eabi.lib : pre_init.c.obj (.text:_system_pre_init)
                  00000a40    00000004                                   : exit.c.obj (.text:abort:abort)

.cinit     0    00000a48    00000018     
                  00000a48    00000008     (.cinit..data.load) [load image, compression = lzss]
                  00000a50    00000008     (__TI_handler_table)
                  00000a58    00000008     (__TI_cinit_table)

.init_array 
*          0    00000000    00000000     UNINITIALIZED

.binit     0    00000000    00000000     

.data      0    20000000    00000004     UNINITIALIZED
                  20000000    00000004     system_msp432p401r.obj (.data)

.stack     0    2000fe00    00000200     UNINITIALIZED
                  2000fe00    00000004     rtsv7M4_T_le_v4SPD16_eabi.lib : boot_cortex_m.c.obj (.stack)
                  2000fe04    000001fc     --HOLE--

MODULE SUMMARY

       Module                        code   ro data   rw data
       ------                        ----   -------   -------
    .\
       system_msp432p401r.obj        820    0         8      
       main.obj                      552    0         0      
       startup_msp432p401r_ccs.obj   14     228       0      
    +--+-----------------------------+------+---------+---------+
       Total:                        1386   228       8      
                                                             
    C:/Users/Zach/Documents/CodeComposerWorkspace/Senior-Design-Repository/MSOE_LIB/Debug/MSOE_LIB.lib
       msoe_lib_clk.obj              612    0         0      
    +--+-----------------------------+------+---------+---------+
       Total:                        612    0         0      
                                                             
    C:\ti\ccs920\ccs\tools\compiler\ti-cgt-arm_18.12.3.LTS\lib\rtsv7M4_T_le_v4SPD16_eabi.lib
       memcpy_t2.asm.obj             156    0         0      
       copy_decompress_lzss.c.obj    104    0         0      
       autoinit.c.obj                68     0         0      
       boot_cortex_m.c.obj           52     0         0      
       copy_decompress_none.c.obj    14     0         0      
       exit.c.obj                    4      0         0      
       pre_init.c.obj                4      0         0      
    +--+-----------------------------+------+---------+---------+
       Total:                        402    0         0      
                                                             
       Stack:                        0      0         1024   
       Linker Generated:             0      24        0      
    +--+-----------------------------+------+---------+---------+
       Grand Total:                  2400   252       1032   


LINKER GENERATED COPY TABLES

__TI_cinit_table @ 00000a58 records: 1, size/record: 8, table size: 8
	.data: load addr=00000a48, load size=00000008 bytes, run addr=20000000, run size=00000004 bytes, compression=lzss


LINKER GENERATED HANDLER TABLE

__TI_handler_table @ 00000a50 records: 2, size/record: 4, table size: 8
	index: 0, handler: __TI_decompress_lzss
	index: 1, handler: __TI_decompress_none


GLOBAL SYMBOLS: SORTED ALPHABETICALLY BY Name 

address   name                          
-------   ----                          
000007a7  ADC14_IRQHandler              
000007a7  ADC14_IRQHandler              
00000a3b  AES256_IRQHandler             
00000a3b  BusFault_Handler              
00000a41  C$$EXIT                       
00000a3b  COMP_E0_IRQHandler            
00000a3b  COMP_E1_IRQHandler            
00000a3b  CS_IRQHandler                 
00000541  Clock_48MHz_Divide            
00000419  Clock_Init_48MHz              
00000a3b  DMA_ERR_IRQHandler            
00000a3b  DMA_INT0_IRQHandler           
00000a3b  DMA_INT1_IRQHandler           
00000a3b  DMA_INT2_IRQHandler           
00000a3b  DMA_INT3_IRQHandler           
00000a3b  DebugMon_Handler              
00000a3b  Default_Handler               
00000a3b  EUSCIA0_IRQHandler            
00000a3b  EUSCIA1_IRQHandler            
00000a3b  EUSCIA2_IRQHandler            
00000a3b  EUSCIA3_IRQHandler            
00000a3b  EUSCIB0_IRQHandler            
00000a3b  EUSCIB1_IRQHandler            
00000a3b  EUSCIB2_IRQHandler            
00000a3b  EUSCIB3_IRQHandler            
00000a3b  FLCTL_IRQHandler              
00000a3b  FPU_IRQHandler                
00000a3b  HardFault_Handler             
00000a3b  MemManage_Handler             
00000a3b  NMI_Handler                   
000007dd  NVIC_setup                    
00000a3b  PCM_IRQHandler                
00000a3b  PORT1_IRQHandler              
00000a3b  PORT2_IRQHandler              
00000a3b  PORT3_IRQHandler              
00000a3b  PORT4_IRQHandler              
00000a3b  PORT5_IRQHandler              
00000a3b  PORT6_IRQHandler              
00000a3b  PSS_IRQHandler                
00000a3b  PendSV_Handler                
00000a3b  RTC_C_IRQHandler              
00000a2f  Reset_Handler                 
00000a3b  SVC_Handler                   
00000a3b  SysTick_Handler               
20000000  SystemCoreClock               
000000e5  SystemCoreClockUpdate         
0000035d  SystemInit                    
00000a3b  T32_INT1_IRQHandler           
00000a3b  T32_INT2_IRQHandler           
00000a3b  T32_INTC_IRQHandler           
00000a3b  TA0_0_IRQHandler              
00000a3b  TA0_N_IRQHandler              
00000a3b  TA1_0_IRQHandler              
00000a3b  TA1_N_IRQHandler              
00000a3b  TA2_0_IRQHandler              
00000a3b  TA2_N_IRQHandler              
00000a3b  TA3_0_IRQHandler              
00000a3b  TA3_N_IRQHandler              
00000a3b  UsageFault_Handler            
4000480c  WDTCTL_SYM                    
00000a3b  WDT_A_IRQHandler              
20010000  __STACK_END                   
00000200  __STACK_SIZE                  
00000a58  __TI_CINIT_Base               
00000a60  __TI_CINIT_Limit              
00000a50  __TI_Handler_Table_Base       
00000a58  __TI_Handler_Table_Limit      
000009a9  __TI_auto_init_nobinit_nopinit
00000941  __TI_decompress_lzss          
00000a21  __TI_decompress_none          
ffffffff  __TI_pprof_out_hndl           
ffffffff  __TI_prof_data_size           
ffffffff  __TI_prof_data_start          
00000000  __TI_static_base__            
000008a5  __aeabi_memcpy                
000008a5  __aeabi_memcpy4               
000008a5  __aeabi_memcpy8               
ffffffff  __binit__                     
ffffffff  __c_args__                    
UNDEFED   __mpu_init                    
2000fe00  __stack                       
000009ed  _c_int00_noargs               
UNDEFED   _system_post_cinit            
00000a3d  _system_pre_init              
00000a41  abort                         
000006ad  adc_setup                     
ffffffff  binit                         
000007f3  initTimer                     
00000000  interruptVectors              
0000067d  main                          
000008a5  memcpy                        
000006d5  pin_setup                     


GLOBAL SYMBOLS: SORTED BY Symbol Address 

address   name                          
-------   ----                          
00000000  __TI_static_base__            
00000000  interruptVectors              
000000e5  SystemCoreClockUpdate         
00000200  __STACK_SIZE                  
0000035d  SystemInit                    
00000419  Clock_Init_48MHz              
00000541  Clock_48MHz_Divide            
0000067d  main                          
000006ad  adc_setup                     
000006d5  pin_setup                     
000007a7  ADC14_IRQHandler              
000007a7  ADC14_IRQHandler              
000007dd  NVIC_setup                    
000007f3  initTimer                     
000008a5  __aeabi_memcpy                
000008a5  __aeabi_memcpy4               
000008a5  __aeabi_memcpy8               
000008a5  memcpy                        
00000941  __TI_decompress_lzss          
000009a9  __TI_auto_init_nobinit_nopinit
000009ed  _c_int00_noargs               
00000a21  __TI_decompress_none          
00000a2f  Reset_Handler                 
00000a3b  AES256_IRQHandler             
00000a3b  BusFault_Handler              
00000a3b  COMP_E0_IRQHandler            
00000a3b  COMP_E1_IRQHandler            
00000a3b  CS_IRQHandler                 
00000a3b  DMA_ERR_IRQHandler            
00000a3b  DMA_INT0_IRQHandler           
00000a3b  DMA_INT1_IRQHandler           
00000a3b  DMA_INT2_IRQHandler           
00000a3b  DMA_INT3_IRQHandler           
00000a3b  DebugMon_Handler              
00000a3b  Default_Handler               
00000a3b  EUSCIA0_IRQHandler            
00000a3b  EUSCIA1_IRQHandler            
00000a3b  EUSCIA2_IRQHandler            
00000a3b  EUSCIA3_IRQHandler            
00000a3b  EUSCIB0_IRQHandler            
00000a3b  EUSCIB1_IRQHandler            
00000a3b  EUSCIB2_IRQHandler            
00000a3b  EUSCIB3_IRQHandler            
00000a3b  FLCTL_IRQHandler              
00000a3b  FPU_IRQHandler                
00000a3b  HardFault_Handler             
00000a3b  MemManage_Handler             
00000a3b  NMI_Handler                   
00000a3b  PCM_IRQHandler                
00000a3b  PORT1_IRQHandler              
00000a3b  PORT2_IRQHandler              
00000a3b  PORT3_IRQHandler              
00000a3b  PORT4_IRQHandler              
00000a3b  PORT5_IRQHandler              
00000a3b  PORT6_IRQHandler              
00000a3b  PSS_IRQHandler                
00000a3b  PendSV_Handler                
00000a3b  RTC_C_IRQHandler              
00000a3b  SVC_Handler                   
00000a3b  SysTick_Handler               
00000a3b  T32_INT1_IRQHandler           
00000a3b  T32_INT2_IRQHandler           
00000a3b  T32_INTC_IRQHandler           
00000a3b  TA0_0_IRQHandler              
00000a3b  TA0_N_IRQHandler              
00000a3b  TA1_0_IRQHandler              
00000a3b  TA1_N_IRQHandler              
00000a3b  TA2_0_IRQHandler              
00000a3b  TA2_N_IRQHandler              
00000a3b  TA3_0_IRQHandler              
00000a3b  TA3_N_IRQHandler              
00000a3b  UsageFault_Handler            
00000a3b  WDT_A_IRQHandler              
00000a3d  _system_pre_init              
00000a41  C$$EXIT                       
00000a41  abort                         
00000a50  __TI_Handler_Table_Base       
00000a58  __TI_CINIT_Base               
00000a58  __TI_Handler_Table_Limit      
00000a60  __TI_CINIT_Limit              
20000000  SystemCoreClock               
2000fe00  __stack                       
20010000  __STACK_END                   
4000480c  WDTCTL_SYM                    
ffffffff  __TI_pprof_out_hndl           
ffffffff  __TI_prof_data_size           
ffffffff  __TI_prof_data_start          
ffffffff  __binit__                     
ffffffff  __c_args__                    
ffffffff  binit                         
UNDEFED   __mpu_init                    
UNDEFED   _system_post_cinit            

[92 symbols]
