******************************************************************************
                  TI ARM Linker PC v18.12.2                    
******************************************************************************
>> Linked Thu Oct 10 12:31:43 2019

OUTPUT FILE NAME:   <IR_Sensor_Testing_V2.out>
ENTRY POINT SYMBOL: "_c_int00_noargs"  address: 000009c1


MEMORY CONFIGURATION

         name            origin    length      used     unused   attr    fill
----------------------  --------  ---------  --------  --------  ----  --------
  MAIN                  00000000   00040000  00000a30  0003f5d0  R  X
  INFO                  00200000   00004000  00000000  00004000  R  X
  SRAM_CODE             01000000   00010000  00000204  0000fdfc  RW X
  SRAM_DATA             20000000   00010000  00000204  0000fdfc  RW  


SEGMENT ALLOCATION MAP

run origin  load origin   length   init length attrs members
----------  ----------- ---------- ----------- ----- -------
00000000    00000000    00000a30   00000a30    r-x
  00000000    00000000    000000e4   000000e4    r-- .intvecs
  000000e4    000000e4    00000934   00000934    r-x .text
  00000a18    00000a18    00000018   00000018    r-- .cinit
20000000    20000000    00000004   00000000    rw-
  20000000    20000000    00000004   00000000    rw- .data
2000fe00    2000fe00    00000200   00000000    rw-
  2000fe00    2000fe00    00000200   00000000    rw- .stack


SECTION ALLOCATION MAP

 output                                  attributes/
section   page    origin      length       input sections
--------  ----  ----------  ----------   ----------------
.intvecs   0    00000000    000000e4     
                  00000000    000000e4     startup_msp432p401r_ccs.obj (.intvecs:retain)

.text      0    000000e4    00000934     
                  000000e4    00000334     system_msp432p401r.obj (.text)
                  00000418    00000274     MSOE_LIB.lib : msoe_lib_clk.obj (.text)
                  0000068c    000001ec     main.obj (.text)
                  00000878    0000009c     rtsv7M4_T_le_v4SPD16_eabi.lib : memcpy_t2.asm.obj (.text)
                  00000914    00000068                                   : copy_decompress_lzss.c.obj (.text:decompress:lzss:__TI_decompress_lzss)
                  0000097c    00000044                                   : autoinit.c.obj (.text:__TI_auto_init_nobinit_nopinit:__TI_auto_init_nobinit_nopinit)
                  000009c0    00000034                                   : boot_cortex_m.c.obj (.text:_c_int00_noargs:_c_int00_noargs)
                  000009f4    0000000e                                   : copy_decompress_none.c.obj (.text:decompress:none:__TI_decompress_none)
                  00000a02    0000000e     startup_msp432p401r_ccs.obj (.text)
                  00000a10    00000004     rtsv7M4_T_le_v4SPD16_eabi.lib : pre_init.c.obj (.text:_system_pre_init)
                  00000a14    00000004                                   : exit.c.obj (.text:abort:abort)

.cinit     0    00000a18    00000018     
                  00000a18    00000008     (.cinit..data.load) [load image, compression = lzss]
                  00000a20    00000008     (__TI_handler_table)
                  00000a28    00000008     (__TI_cinit_table)

.init_array 
*          0    00000000    00000000     UNINITIALIZED

.binit     0    00000000    00000000     

.data      0    20000000    00000004     UNINITIALIZED
                  20000000    00000004     system_msp432p401r.obj (.data)

.stack     0    2000fe00    00000200     UNINITIALIZED
                  2000fe00    00000004     rtsv7M4_T_le_v4SPD16_eabi.lib : boot_cortex_m.c.obj (.stack)
                  2000fe04    000001fc     --HOLE--

MODULE SUMMARY

       Module                        code   ro data   rw data
       ------                        ----   -------   -------
    .\
       system_msp432p401r.obj        820    0         8      
       main.obj                      492    0         0      
       startup_msp432p401r_ccs.obj   14     228       0      
    +--+-----------------------------+------+---------+---------+
       Total:                        1326   228       8      
                                                             
    C:/Users/blockjm/OneDrive - Milwaukee School of Engineering/Senior Year/Senior Design/Code Composer Workspace/MSOE_LIB/Debug/MSOE_LIB.lib
       msoe_lib_clk.obj              628    0         0      
    +--+-----------------------------+------+---------+---------+
       Total:                        628    0         0      
                                                             
    C:\ti\ccs910\ccs\tools\compiler\ti-cgt-arm_18.12.2.LTS\lib\rtsv7M4_T_le_v4SPD16_eabi.lib
       memcpy_t2.asm.obj             156    0         0      
       copy_decompress_lzss.c.obj    104    0         0      
       autoinit.c.obj                68     0         0      
       boot_cortex_m.c.obj           52     0         0      
       copy_decompress_none.c.obj    14     0         0      
       exit.c.obj                    4      0         0      
       pre_init.c.obj                4      0         0      
    +--+-----------------------------+------+---------+---------+
       Total:                        402    0         0      
                                                             
       Stack:                        0      0         1024   
       Linker Generated:             0      24        0      
    +--+-----------------------------+------+---------+---------+
       Grand Total:                  2356   252       1032   


LINKER GENERATED COPY TABLES

__TI_cinit_table @ 00000a28 records: 1, size/record: 8, table size: 8
	.data: load addr=00000a18, load size=00000008 bytes, run addr=20000000, run size=00000004 bytes, compression=lzss


LINKER GENERATED HANDLER TABLE

__TI_handler_table @ 00000a20 records: 2, size/record: 4, table size: 8
	index: 0, handler: __TI_decompress_lzss
	index: 1, handler: __TI_decompress_none


GLOBAL SYMBOLS: SORTED ALPHABETICALLY BY Name 

address   name                          
-------   ----                          
000007af  ADC14_IRQHandler              
000007af  ADC14_IRQHandler              
00000a0f  AES256_IRQHandler             
00000a0f  BusFault_Handler              
00000a15  C$$EXIT                       
00000a0f  COMP_E0_IRQHandler            
00000a0f  COMP_E1_IRQHandler            
00000a0f  CS_IRQHandler                 
0000054d  Clock_48MHz_Divide            
00000419  Clock_Init_48MHz              
00000a0f  DMA_ERR_IRQHandler            
00000a0f  DMA_INT0_IRQHandler           
00000a0f  DMA_INT1_IRQHandler           
00000a0f  DMA_INT2_IRQHandler           
00000a0f  DMA_INT3_IRQHandler           
00000a0f  DebugMon_Handler              
00000a0f  Default_Handler               
00000a0f  EUSCIA0_IRQHandler            
00000a0f  EUSCIA1_IRQHandler            
00000a0f  EUSCIA2_IRQHandler            
00000a0f  EUSCIA3_IRQHandler            
00000a0f  EUSCIB0_IRQHandler            
00000a0f  EUSCIB1_IRQHandler            
00000a0f  EUSCIB2_IRQHandler            
00000a0f  EUSCIB3_IRQHandler            
00000a0f  FLCTL_IRQHandler              
00000a0f  FPU_IRQHandler                
00000a0f  HardFault_Handler             
00000a0f  MemManage_Handler             
00000a0f  NMI_Handler                   
000007e5  NVIC_setup                    
00000a0f  PCM_IRQHandler                
00000a0f  PORT1_IRQHandler              
00000a0f  PORT2_IRQHandler              
00000a0f  PORT3_IRQHandler              
00000a0f  PORT4_IRQHandler              
00000a0f  PORT5_IRQHandler              
00000a0f  PORT6_IRQHandler              
00000a0f  PSS_IRQHandler                
00000a0f  PendSV_Handler                
00000a0f  RTC_C_IRQHandler              
00000a03  Reset_Handler                 
00000a0f  SVC_Handler                   
00000a0f  SysTick_Handler               
20000000  SystemCoreClock               
000000e5  SystemCoreClockUpdate         
0000035d  SystemInit                    
00000a0f  T32_INT1_IRQHandler           
00000a0f  T32_INT2_IRQHandler           
00000a0f  T32_INTC_IRQHandler           
00000a0f  TA0_0_IRQHandler              
00000a0f  TA0_N_IRQHandler              
00000a0f  TA1_0_IRQHandler              
00000a0f  TA1_N_IRQHandler              
00000a0f  TA2_0_IRQHandler              
00000a0f  TA2_N_IRQHandler              
00000a0f  TA3_0_IRQHandler              
00000a0f  TA3_N_IRQHandler              
00000a0f  UsageFault_Handler            
4000480c  WDTCTL_SYM                    
00000a0f  WDT_A_IRQHandler              
20010000  __STACK_END                   
00000200  __STACK_SIZE                  
00000a28  __TI_CINIT_Base               
00000a30  __TI_CINIT_Limit              
00000a20  __TI_Handler_Table_Base       
00000a28  __TI_Handler_Table_Limit      
0000097d  __TI_auto_init_nobinit_nopinit
00000915  __TI_decompress_lzss          
000009f5  __TI_decompress_none          
ffffffff  __TI_pprof_out_hndl           
ffffffff  __TI_prof_data_size           
ffffffff  __TI_prof_data_start          
00000000  __TI_static_base__            
00000879  __aeabi_memcpy                
00000879  __aeabi_memcpy4               
00000879  __aeabi_memcpy8               
ffffffff  __binit__                     
ffffffff  __c_args__                    
UNDEFED   __mpu_init                    
2000fe00  __stack                       
000009c1  _c_int00_noargs               
UNDEFED   _system_post_cinit            
00000a11  _system_pre_init              
00000a15  abort                         
000006b5  adc_setup                     
ffffffff  binit                         
00000000  interruptVectors              
0000068d  main                          
00000879  memcpy                        
000006dd  pin_setup                     


GLOBAL SYMBOLS: SORTED BY Symbol Address 

address   name                          
-------   ----                          
00000000  __TI_static_base__            
00000000  interruptVectors              
000000e5  SystemCoreClockUpdate         
00000200  __STACK_SIZE                  
0000035d  SystemInit                    
00000419  Clock_Init_48MHz              
0000054d  Clock_48MHz_Divide            
0000068d  main                          
000006b5  adc_setup                     
000006dd  pin_setup                     
000007af  ADC14_IRQHandler              
000007af  ADC14_IRQHandler              
000007e5  NVIC_setup                    
00000879  __aeabi_memcpy                
00000879  __aeabi_memcpy4               
00000879  __aeabi_memcpy8               
00000879  memcpy                        
00000915  __TI_decompress_lzss          
0000097d  __TI_auto_init_nobinit_nopinit
000009c1  _c_int00_noargs               
000009f5  __TI_decompress_none          
00000a03  Reset_Handler                 
00000a0f  AES256_IRQHandler             
00000a0f  BusFault_Handler              
00000a0f  COMP_E0_IRQHandler            
00000a0f  COMP_E1_IRQHandler            
00000a0f  CS_IRQHandler                 
00000a0f  DMA_ERR_IRQHandler            
00000a0f  DMA_INT0_IRQHandler           
00000a0f  DMA_INT1_IRQHandler           
00000a0f  DMA_INT2_IRQHandler           
00000a0f  DMA_INT3_IRQHandler           
00000a0f  DebugMon_Handler              
00000a0f  Default_Handler               
00000a0f  EUSCIA0_IRQHandler            
00000a0f  EUSCIA1_IRQHandler            
00000a0f  EUSCIA2_IRQHandler            
00000a0f  EUSCIA3_IRQHandler            
00000a0f  EUSCIB0_IRQHandler            
00000a0f  EUSCIB1_IRQHandler            
00000a0f  EUSCIB2_IRQHandler            
00000a0f  EUSCIB3_IRQHandler            
00000a0f  FLCTL_IRQHandler              
00000a0f  FPU_IRQHandler                
00000a0f  HardFault_Handler             
00000a0f  MemManage_Handler             
00000a0f  NMI_Handler                   
00000a0f  PCM_IRQHandler                
00000a0f  PORT1_IRQHandler              
00000a0f  PORT2_IRQHandler              
00000a0f  PORT3_IRQHandler              
00000a0f  PORT4_IRQHandler              
00000a0f  PORT5_IRQHandler              
00000a0f  PORT6_IRQHandler              
00000a0f  PSS_IRQHandler                
00000a0f  PendSV_Handler                
00000a0f  RTC_C_IRQHandler              
00000a0f  SVC_Handler                   
00000a0f  SysTick_Handler               
00000a0f  T32_INT1_IRQHandler           
00000a0f  T32_INT2_IRQHandler           
00000a0f  T32_INTC_IRQHandler           
00000a0f  TA0_0_IRQHandler              
00000a0f  TA0_N_IRQHandler              
00000a0f  TA1_0_IRQHandler              
00000a0f  TA1_N_IRQHandler              
00000a0f  TA2_0_IRQHandler              
00000a0f  TA2_N_IRQHandler              
00000a0f  TA3_0_IRQHandler              
00000a0f  TA3_N_IRQHandler              
00000a0f  UsageFault_Handler            
00000a0f  WDT_A_IRQHandler              
00000a11  _system_pre_init              
00000a15  C$$EXIT                       
00000a15  abort                         
00000a20  __TI_Handler_Table_Base       
00000a28  __TI_CINIT_Base               
00000a28  __TI_Handler_Table_Limit      
00000a30  __TI_CINIT_Limit              
20000000  SystemCoreClock               
2000fe00  __stack                       
20010000  __STACK_END                   
4000480c  WDTCTL_SYM                    
ffffffff  __TI_pprof_out_hndl           
ffffffff  __TI_prof_data_size           
ffffffff  __TI_prof_data_start          
ffffffff  __binit__                     
ffffffff  __c_args__                    
ffffffff  binit                         
UNDEFED   __mpu_init                    
UNDEFED   _system_post_cinit            

[91 symbols]
